version https://git-lfs.github.com/spec/v1
oid sha256:f22d9eb5257aa02c6c77a8a1f369cf8acdc249a096396b438637ec311cc1e595
size 11506
